2026-10-06 19:15:07
Interface : wlp46s0
IP        : 192.168.1.5
Gateway   : REACHABLE
DNS       : WORKING
Internet  : ONLINE
Latency   : 17.3 ms
Overall   : HEALTHY
----------------------------------------
2026-10-07 05:47:42
Interface : wlp46s0
IP        : 192.168.1.5
Gateway   : REACHABLE
DNS       : WORKING
Internet  : ONLINE
Latency   : 13.2 ms
Overall   : HEALTHY
----------------------------------------
2026-10-07 06:11:59
Interface : wlp46s0
IP        : 192.168.1.5
Gateway   : REACHABLE
DNS       : WORKING
Internet  : ONLINE
Latency   : 12.7 ms
Overall   : HEALTHY
----------------------------------------
